// Jest Snapshot v1, https://goo.gl/fbAQLP

exports[`renders 1`] = `
<div
  className="main-image"
>
  <img
    alt="Magenta Background Car"
    src="Mountain.jpg"
  />
</div>
`;
